// Jest Snapshot v1, https://goo.gl/fbAQLP

exports[`addUserNote add 1`] = `
Object {
  "addStudyNote": Object {
    "notes": Array [
      Object {
        "messages": Array [
          Object {
            "createdBy": Object {
              "firstName": "John",
            },
            "text": "There are missing images in first series.",
          },
        ],
        "resolved": false,
        "title": "Missing images",
        "type": "SUPPORT_STUDY_REQUEST",
      },
    ],
    "supportRequestStatus": "PENDING",
  },
}
`;
